Expenses Thu Jan 01 01:00:00 CET 1970
Dinner	5000	 
Dinner	5001	X
Breakfast	1000	 
Breakfast	1001	X
Car Rental	50	 
Car Rental	2147483647	 
Meal expenses: 12002
Total expenses: -2147471597
